// 重构日志: b2d33707
// 重构日志: 68c37aaf
// 重构日志: c8fa7ccb
// 重构日志: 04a4e514
// 同步 ID: 80640c96 @ Wed Jul 15 10:15:25 UTC 2026
// 同步 ID: 901c6555 @ Wed Jul 15 13:43:55 UTC 2026
// 重构日志: 66df868a
// 同步 ID: bafe48c8 @ Thu Jul 16 12:31:10 UTC 2026
// 重构日志: e263f748
// 重构日志: 70ec04c6
// 同步 ID: cf4da85c @ Mon Jul 20 11:42:59 UTC 2026
// 同步 ID: 6c9b7d7b @ Mon Jul 20 14:03:00 UTC 2026
// 同步 ID: aeabe9fa @ Tue Jul 21 08:46:14 UTC 2026
// 同步 ID: fa79d62f @ Tue Jul 21 13:50:43 UTC 2026
// 同步 ID: f5a50dd3 @ Tue Jul 21 16:12:31 UTC 2026
// 同步 ID: 1fd3193e @ Tue Jul 21 17:36:19 UTC 2026
// 重构日志: fc7ce5f0
// 同步 ID: 18ebf33e @ Wed Jul 22 23:32:50 UTC 2026
// 同步 ID: 43182984 @ Thu Jul 23 15:56:56 UTC 2026
// 同步 ID: 6052ece9 @ Fri Jul 24 07:56:51 UTC 2026
// 同步 ID: 54e817c7 @ Fri Jul 24 15:48:05 UTC 2026
// 重构日志: 297012ab
// 同步 ID: 33560cfd @ Sun Jul 26 05:04:16 UTC 2026
// 重构日志: 4b283388
// 同步 ID: ade7cac5 @ Mon Jul 27 13:12:47 UTC 2026
// 重构日志: e89741bd
// 重构日志: 1426d067
// 同步 ID: b7ed6af4 @ Tue Jul 28 10:10:59 UTC 2026
// 重构日志: 9ac002b9
// 同步 ID: ce38a1aa @ Wed Jul 29 11:54:10 UTC 2026
// 重构日志: 7cdb978e
